Welcome.
> 
Enter username: 
Username accepted.
Available tickets file read successfully.
>
Enter the amount of credit to add: 
Credit added successfully.