Welcome.
> 
Enter username: 
invalid user:
    Invalid username.
