Welcome.
> 
Enter username: 
Username accepted.
Available tickets file read successfully.
>
Enter the event title:
Enter the number of tickets to purchase: 
Enter the seller's username: 
Tickets not found, specified seller is not selling tickets to that event.