Welcome.
Current user accounts file read successfully.
Available tickets file read successfully.
> 
Enter username: 
Username accepted.
> 
Enter the event title: 
Enter the number of tickets to purchase: 
Enter the seller's username: 
Invalid seller username, seller is not selling any tickets.
> 