Welcome.
Current user accounts file read successfully.
Available tickets file read successfully.
> 
Enter username: 
Username accepted.
> 
Enter the event title: 
Enter the number of tickets to purchase: 
Invalid number of tickets, cannot purchase more than 4 tickets.
> 