Welcome.
> 
Enter username: 
Username accepted.
Available tickets file read successfully.
>
Invalid transaction, you do not have the necessary privileges.