Welcome.
> 
Enter username: 
Username accepted.
Available tickets file read successfully.
>
Enter the event title:
Enter the number of tickets to purchase: 
Invalid number of tickets, cannot purchase more than 4 tickets.