Welcome.
> 
Enter username: 
Username accepted.
An error occurred reading the available tickets file, data corrupted.