Welcome.
> 
Invalid transaction, only login accepted.
> 
Invalid transaction, only login accepted.
> 
Invalid transaction, only login accepted.
> 
Invalid transaction, only login accepted.
> 
Invalid transaction, only login accepted.
> 
Invalid transaction, only login accepted.
> 
Invalid transaction, only login accepted.