Welcome.
> 
Enter username: 
Username accepted.
Available tickets file read successfully.
> 
Enter the username to create: 