Welcome.
Current user accounts file read successfully.
Available tickets file read successfully.
> 
Enter username: 
> 