Welcome.
> 
Enter username: 
Username accepted.
Available tickets file read successfully.
> 
Invalid transaction, you are already logged in.