Welcome.
> 
Enter username: 
Username accepted.
Available tickets file read successfully.
>
Enter the amount of credit to add: 
Invalid credit value, amount cannot be less than 0.00.