Welcome.
> 
Enter username: 
Username accepted.
Available tickets file read successfully.
>
Enter the event title: 
Invalid event title, event title cannot exceed 19 characters.