Welcome.
Current user accounts file read successfully.
Available tickets file read successfully.
> 
Enter username: 
Username accepted.
> 
Enter the event title: 
Enter the sale price in dollars: 
Enter the number of tickets for sale: 
Invalid number of tickets, volume must be an integer value (e.g. 25).
> 