Welcome.
Current user accounts file read successfully.
Available tickets file read successfully.
> 
Enter username: 
Username accepted.
> 
Invalid transaction, you do not have the necessary privileges.
> 