Welcome.
> 
Enter username: 
Username accepted.
Available tickets file read successfully.
>
Enter the event title: 
Enter the sale price in dollars: 
Enter the number of tickets for sale: 
Invalid number of tickets, volume cannot be less than 0.