Welcome.
> 
Enter username: 
Username accepted.
Available tickets file read successfully.
>
Enter the buyer's username: 
Enter the seller's username: 
Enter the amount of credit to transfer: 
Invalid dollars value, amount must be in dollars (e.g. 10.00).