Welcome.
> 
Enter username: 
Username accepted.
Available tickets file read successfully.
>
Logout complete.